  Determining projects to restore...
  All projects are up-to-date for restore.
C:\Program Files\dotnet\sdk\10.0.200-preview.0.26103.119\Sdks\Microsoft.NET.Sdk\targets\Microsoft.NET.RuntimeIdentifierInference.targets(383,5): message NETSDK1057: You are using a preview version of .NET. See: https://aka.ms/dotnet-support-policy [C:\REPO\Monitores\Antigravity\ApsMonitor\ApsMonitor.csproj]
C:\REPO\Monitores\Antigravity\ApsMonitor\Components\Dialogs\SignalDialog.razor(99,45): warning CS8618: Non-nullable property 'MudDialog' must contain a non-null value when exiting constructor. Consider adding the 'required' modifier or declaring the property as nullable. [C:\REPO\Monitores\Antigravity\ApsMonitor\ApsMonitor.csproj]
C:\REPO\Monitores\Antigravity\ApsMonitor\Components\Pages\Senales.razor(97,14): warning CS8602: Dereference of a possibly null reference. [C:\REPO\Monitores\Antigravity\ApsMonitor\ApsMonitor.csproj]
C:\REPO\Monitores\Antigravity\ApsMonitor\Components\Pages\Senales.razor(110,14): warning CS8602: Dereference of a possibly null reference. [C:\REPO\Monitores\Antigravity\ApsMonitor\ApsMonitor.csproj]
C:\REPO\Monitores\Antigravity\ApsMonitor\Components\Layout\MainLayout.razor(46,30): warning CS8618: Non-nullable field '_themeProvider' must contain a non-null value when exiting constructor. Consider adding the 'required' modifier or declaring the field as nullable. [C:\REPO\Monitores\Antigravity\ApsMonitor\ApsMonitor.csproj]
C:\REPO\Monitores\Antigravity\ApsMonitor\Components\Dialogs\SignalDialog.razor(1,1): warning MUD0002: Illegal Attribute 'PanelClass' on 'MudTabs' using pattern 'LowerCase' source location '(150,16)-(150,78)' (https://mudblazor.com/features/analyzers) [C:\REPO\Monitores\Antigravity\ApsMonitor\ApsMonitor.csproj]
  ApsMonitor -> C:\REPO\Monitores\Antigravity\ApsMonitor\bin\Debug\net10.0\ApsMonitor.dll

Build succeeded.

C:\REPO\Monitores\Antigravity\ApsMonitor\Components\Dialogs\SignalDialog.razor(99,45): warning CS8618: Non-nullable property 'MudDialog' must contain a non-null value when exiting constructor. Consider adding the 'required' modifier or declaring the property as nullable. [C:\REPO\Monitores\Antigravity\ApsMonitor\ApsMonitor.csproj]
C:\REPO\Monitores\Antigravity\ApsMonitor\Components\Pages\Senales.razor(97,14): warning CS8602: Dereference of a possibly null reference. [C:\REPO\Monitores\Antigravity\ApsMonitor\ApsMonitor.csproj]
C:\REPO\Monitores\Antigravity\ApsMonitor\Components\Pages\Senales.razor(110,14): warning CS8602: Dereference of a possibly null reference. [C:\REPO\Monitores\Antigravity\ApsMonitor\ApsMonitor.csproj]
C:\REPO\Monitores\Antigravity\ApsMonitor\Components\Layout\MainLayout.razor(46,30): warning CS8618: Non-nullable field '_themeProvider' must contain a non-null value when exiting constructor. Consider adding the 'required' modifier or declaring the field as nullable. [C:\REPO\Monitores\Antigravity\ApsMonitor\ApsMonitor.csproj]
C:\REPO\Monitores\Antigravity\ApsMonitor\Components\Dialogs\SignalDialog.razor(1,1): warning MUD0002: Illegal Attribute 'PanelClass' on 'MudTabs' using pattern 'LowerCase' source location '(150,16)-(150,78)' (https://mudblazor.com/features/analyzers) [C:\REPO\Monitores\Antigravity\ApsMonitor\ApsMonitor.csproj]
    5 Warning(s)
    0 Error(s)

Time Elapsed 00:00:02.79
